\BOOKMARK [1][-]{section.1}{\376\377\147\000\124\016\147\037\226\120}{}% 1
\BOOKMARK [1][-]{section.2}{\376\377\142\200\147\057\143\007\150\007}{}% 2
\BOOKMARK [2][-]{subsection.2.1}{\376\377\133\371\000M\000i\000c\000r\000o\000s\000o\000f\000t\000\040\000W\000o\000r\000d\145\207\150\143\166\204\145\057\143\001}{section.2}% 3
